// Jest Snapshot v1, https://goo.gl/fbAQLP

exports[`The <AddJobButton /> component AddJobButton renders with AddJobButton props 1`] = `
<button
  className="add-save-button"
  onClick={[Function]}
>
  Add job
</button>
`;
