// Jest Snapshot v1, https://goo.gl/fbAQLP

exports[`The <JobCard /> component JobCard renders with JobCard props 1`] = `
Array [
  <div
    className="job-card"
    tabIndex="0"
  >
    <div
      className="job-title-location"
    >
      <div
        aria-label="titleProduct Manager"
        className="title"
      >
        Product Manager
      </div>
      <div
        aria-label="locationAustin, TX"
        className="location"
      >
        Austin, TX
      </div>
    </div>
    <div
      className="job-post-details"
    >
      <div
        aria-label="posted10/04/2020"
        className="posted"
      >
        10/04/2020
      </div>
      <div
        aria-label="sponsorshipFree"
        className="sponsorship"
      >
        Free
      </div>
      <div
        aria-label="statusOpen"
        className="status"
      >
        Open
      </div>
      <button
        aria-label="edit job"
        className="edit-button"
        onClick={[Function]}
        tabIndex="0"
      >
        Edit
      </button>
    </div>
  </div>,
  <div
    className="job-card"
    tabIndex="0"
  >
    <div
      className="job-title-location"
    >
      <div
        aria-label="titleCEO"
        className="title"
      >
        CEO
      </div>
      <div
        aria-label="locationAustin, TX"
        className="location"
      >
        Austin, TX
      </div>
    </div>
    <div
      className="job-post-details"
    >
      <div
        aria-label="posted12/30/2020"
        className="posted"
      >
        12/30/2020
      </div>
      <div
        aria-label="sponsorshipSponsored"
        className="sponsorship"
      >
        Sponsored
      </div>
      <div
        aria-label="statusPaused"
        className="status"
      >
        Paused
      </div>
      <button
        aria-label="edit job"
        className="edit-button"
        onClick={[Function]}
        tabIndex="0"
      >
        Edit
      </button>
    </div>
  </div>,
  <div
    className="job-card"
    tabIndex="0"
  >
    <div
      className="job-title-location"
    >
      <div
        aria-label="titleSoftware Engineer"
        className="title"
      >
        Software Engineer
      </div>
      <div
        aria-label="locationSeattle, WA"
        className="location"
      >
        Seattle, WA
      </div>
    </div>
    <div
      className="job-post-details"
    >
      <div
        aria-label="posted11/18/2020"
        className="posted"
      >
        11/18/2020
      </div>
      <div
        aria-label="sponsorshipFree"
        className="sponsorship"
      >
        Free
      </div>
      <div
        aria-label="statusClosed"
        className="status"
      >
        Closed
      </div>
      <button
        aria-label="edit job"
        className="edit-button"
        onClick={[Function]}
        tabIndex="0"
      >
        Edit
      </button>
    </div>
  </div>,
]
`;
